// Jest Snapshot v1, https://goo.gl/fbAQLP

exports[`matches snapshot 1`] = `
<DocumentFragment>
  <form
    class="NewTodoForm"
  >
    <label
      class="NewTodoForm--label"
      for="task"
    >
      New Todo:
    </label>
    <input
      class="NewTodoForm--task"
      id="task"
      name="task"
      placeholder="New Todo"
      type="text"
      value=""
    />
    <button
      class="NewTodoForm--btn"
    >
      Add Todo
    </button>
  </form>
</DocumentFragment>
`;
